2023-09-06 14:30:25 - ERROR - Failed login attempt
2023-09-06 14:31:10 - INFO - User accessed patient record
2023-09-06 14:32:45 - CRITICAL - PHI data downloaded
